CL-USER> (calculate-name-score "CHARLIE")
; compiling (DEFUN ZIP-WITH-INDICIES ...)56
CL-USER> (ZIP-WITH-INDICIES '(1 2 3))

; compiling (DEFUN MAIN ...)
STYLE-WARNING: redefining COMMON-LISP-USER::MAIN in DEFUN

; file: /tmp/file83VPzM
; in: DEFUN MAIN
;     (SUM '(1 2 3))
; 
; caught STYLE-WARNING:
;   undefined function: SUM
; 
; compilation unit finished
;   Undefined function:
;     SUM
;   caught 1 STYLE-WARNING condition
; compiling (DEFUN MAIN ...)((1 1) (2 2) (3 3))
CL-USER> (main)

; compiling (DEFUN SUM ...)
; compiling (DEFUN MAIN ...)

; file: /tmp/file6i05Id
; in: DEFUN MAIN
;     (CALCULATE-NAME-SCORES (GET-SORTED-NAMES))
; 
; caught STYLE-WARNING:
;   undefined function: CALCULATE-NAME-SCORES

;     (GET-SORTED-NAMES)
; 
; caught STYLE-WARNING:
;   undefined function: GET-SORTED-NAMES
; 
; compilation unit finished
;   Undefined functions:
;     CALCULATE-NAME-SCORES GET-SORTED-NAMES
;   caught 2 STYLE-WARNING conditions
; compiling (DEFUN CALCULATE-NAME-SCORES ...)6
CL-USER> (main)

; compiling (DEFUN GET-SORTED-NAMES ...); Evaluation aborted on #<UNDEFINED-FUNCTION GET-SORTED-NAMES {1003521AA3}>.
CL-USER> (main)

; compiling (DEFUN PRODUCT ...)
; compiling (DEFUN MAIN ...)13655402
CL-USER> (main)

871198282
CL-USER> (sum (sort (range 1 1000000) #'<))
Control stack guard page temporarily disabled: proceed with caution
; Evaluation aborted on #<SB-KERNEL::CONTROL-STACK-EXHAUSTED {10061C3E33}>.
CL-USER> (sum (stable-sort (range 1 1000000) #'<))